{"mobile":"13521715089","session_id":"ojgpbf1s6eciof8uk34n7g2jg4","data":null}